../Core/Src/main.c:78:6:delay_us	16	static
../Core/Src/main.c:83:6:HAL_TIM_IC_CaptureCallback	16	static
../Core/Src/main.c:140:6:HCSR04_Read	8	static
../Core/Src/main.c:156:6:CAN_Send_Distances	48	static
../Core/Src/main.c:182:5:main	16	static
../Core/Src/main.c:255:6:SystemClock_Config	72	static
../Core/Src/main.c:295:13:MX_CAN_Init	8	static
../Core/Src/main.c:332:13:MX_TIM1_Init	48	static
../Core/Src/main.c:391:13:MX_TIM2_Init	48	static
../Core/Src/main.c:449:13:MX_GPIO_Init	40	static
../Core/Src/main.c:505:6:Error_Handler	8	static,ignoring_inline_asm
