../Core/Src/main.c:79:6:Motor_left_Set_Speed	24	static
../Core/Src/main.c:85:6:Motor_right_Set_Speed	24	static
../Core/Src/main.c:91:6:Motor_left_Set_Direction	16	static
../Core/Src/main.c:109:6:Motor_right_Set_Direction	16	static
../Core/Src/main.c:127:6:HAL_CAN_RxFifo0MsgPendingCallback	16	static
../Core/Src/main.c:153:6:Read_Encoder_Speed	8	static
../Core/Src/main.c:167:6:HAL_TIM_PeriodElapsedCallback	16	static
../Core/Src/main.c:174:6:CAN_Send_Speed	48	static
../Core/Src/main.c:199:5:main	56	static
../Core/Src/main.c:287:6:SystemClock_Config	72	static
../Core/Src/main.c:327:13:MX_CAN_Init	8	static
../Core/Src/main.c:364:13:MX_TIM1_Init	80	static
../Core/Src/main.c:429:13:MX_TIM2_Init	56	static
../Core/Src/main.c:478:13:MX_TIM3_Init	48	static
../Core/Src/main.c:527:13:MX_GPIO_Init	40	static
../Core/Src/main.c:583:6:Error_Handler	4	static,ignoring_inline_asm
